---
source: ansi2/src/ans.rs
expression: s
---
[
    Reset,
    Dim,
]
