---
source: ansi2/src/lib.rs
expression: canvas
---
Canvas {
    pixels: [],
    w: 1,
    h: 1,
}
