---
source: ansi2/src/lib.rs
expression: r
---
(
    "",
    [
        Token {
            sgr: Link(
                "http://example.com/softreset",
                "\u{1b}[3;31mfoo",
            ),
            range: (
                0,
                49,
            ),
        },
        Token {
            sgr: Char(
                'b',
            ),
            range: (
                49,
                50,
            ),
        },
        Token {
            sgr: Char(
                'a',
            ),
            range: (
                50,
                51,
            ),
        },
        Token {
            sgr: Char(
                'r',
            ),
            range: (
                51,
                52,
            ),
        },
    ],
)
