---
source: ansi2/src/lib.rs
expression: canvas
---
Canvas {
    pixels: [
        [
            Node {
                bg_color: Color8(
                    Black,
                ),
                color: Default,
                bold: false,
                blink: false,
                text: " ",
                dim: false,
                italic: false,
                underline: false,
                hide: false,
                strike: false,
                bg_color_r: (
                    0,
                    0,
                ),
                color_r: (
                    0,
                    0,
                ),
                bold_r: (
                    0,
                    0,
                ),
                blink_r: (
                    0,
                    0,
                ),
                text_r: (
                    8,
                    9,
                ),
                dim_r: (
                    0,
                    0,
                ),
                italic_r: (
                    0,
                    0,
                ),
                underline_r: (
                    0,
                    0,
                ),
                hide_r: (
                    0,
                    0,
                ),
                strike_r: (
                    0,
                    0,
                ),
            },
            Node {
                bg_color: Color8(
                    Black,
                ),
                color: Default,
                bold: false,
                blink: false,
                text: "3",
                dim: false,
                italic: false,
                underline: false,
                hide: false,
                strike: false,
                bg_color_r: (
                    0,
                    0,
                ),
                color_r: (
                    0,
                    0,
                ),
                bold_r: (
                    0,
                    0,
                ),
                blink_r: (
                    0,
                    0,
                ),
                text_r: (
                    9,
                    10,
                ),
                dim_r: (
                    0,
                    0,
                ),
                italic_r: (
                    0,
                    0,
                ),
                underline_r: (
                    0,
                    0,
                ),
                hide_r: (
                    0,
                    0,
                ),
                strike_r: (
                    0,
                    0,
                ),
            },
            Node {
                bg_color: Color8(
                    Black,
                ),
                color: Default,
                bold: false,
                blink: false,
                text: "9",
                dim: false,
                italic: false,
                underline: false,
                hide: false,
                strike: false,
                bg_color_r: (
                    0,
                    0,
                ),
                color_r: (
                    0,
                    0,
                ),
                bold_r: (
                    0,
                    0,
                ),
                blink_r: (
                    0,
                    0,
                ),
                text_r: (
                    10,
                    11,
                ),
                dim_r: (
                    0,
                    0,
                ),
                italic_r: (
                    0,
                    0,
                ),
                underline_r: (
                    0,
                    0,
                ),
                hide_r: (
                    0,
                    0,
                ),
                strike_r: (
                    0,
                    0,
                ),
            },
            Node {
                bg_color: Color8(
                    Black,
                ),
                color: Default,
                bold: false,
                blink: false,
                text: ";",
                dim: false,
                italic: false,
                underline: false,
                hide: false,
                strike: false,
                bg_color_r: (
                    0,
                    0,
                ),
                color_r: (
                    0,
                    0,
                ),
                bold_r: (
                    0,
                    0,
                ),
                blink_r: (
                    0,
                    0,
                ),
                text_r: (
                    11,
                    12,
                ),
                dim_r: (
                    0,
                    0,
                ),
                italic_r: (
                    0,
                    0,
                ),
                underline_r: (
                    0,
                    0,
                ),
                hide_r: (
                    0,
                    0,
                ),
                strike_r: (
                    0,
                    0,
                ),
            },
            Node {
                bg_color: Color8(
                    Black,
                ),
                color: Default,
                bold: false,
                blink: false,
                text: "4",
                dim: false,
                italic: false,
                underline: false,
                hide: false,
                strike: false,
                bg_color_r: (
                    0,
                    0,
                ),
                color_r: (
                    0,
                    0,
                ),
                bold_r: (
                    0,
                    0,
                ),
                blink_r: (
                    0,
                    0,
                ),
                text_r: (
                    12,
                    13,
                ),
                dim_r: (
                    0,
                    0,
                ),
                italic_r: (
                    0,
                    0,
                ),
                underline_r: (
                    0,
                    0,
                ),
                hide_r: (
                    0,
                    0,
                ),
                strike_r: (
                    0,
                    0,
                ),
            },
            Node {
                bg_color: Color8(
                    Black,
                ),
                color: Default,
                bold: false,
                blink: false,
                text: "0",
                dim: false,
                italic: false,
                underline: false,
                hide: false,
                strike: false,
                bg_color_r: (
                    0,
                    0,
                ),
                color_r: (
                    0,
                    0,
                ),
                bold_r: (
                    0,
                    0,
                ),
                blink_r: (
                    0,
                    0,
                ),
                text_r: (
                    13,
                    14,
                ),
                dim_r: (
                    0,
                    0,
                ),
                italic_r: (
                    0,
                    0,
                ),
                underline_r: (
                    0,
                    0,
                ),
                hide_r: (
                    0,
                    0,
                ),
                strike_r: (
                    0,
                    0,
                ),
            },
            Node {
                bg_color: Color8(
                    Black,
                ),
                color: Default,
                bold: false,
                blink: false,
                text: "m",
                dim: false,
                italic: false,
                underline: false,
                hide: false,
                strike: false,
                bg_color_r: (
                    0,
                    0,
                ),
                color_r: (
                    0,
                    0,
                ),
                bold_r: (
                    0,
                    0,
                ),
                blink_r: (
                    0,
                    0,
                ),
                text_r: (
                    14,
                    15,
                ),
                dim_r: (
                    0,
                    0,
                ),
                italic_r: (
                    0,
                    0,
                ),
                underline_r: (
                    0,
                    0,
                ),
                hide_r: (
                    0,
                    0,
                ),
                strike_r: (
                    0,
                    0,
                ),
            },
            Node {
                bg_color: Color8(
                    Black,
                ),
                color: Default,
                bold: false,
                blink: false,
                text: " ",
                dim: false,
                italic: false,
                underline: false,
                hide: false,
                strike: false,
                bg_color_r: (
                    0,
                    0,
                ),
                color_r: (
                    0,
                    0,
                ),
                bold_r: (
                    0,
                    0,
                ),
                blink_r: (
                    0,
                    0,
                ),
                text_r: (
                    15,
                    16,
                ),
                dim_r: (
                    0,
                    0,
                ),
                italic_r: (
                    0,
                    0,
                ),
                underline_r: (
                    0,
                    0,
                ),
                hide_r: (
                    0,
                    0,
                ),
                strike_r: (
                    0,
                    0,
                ),
            },
            Node {
                bg_color: Color8(
                    Red,
                ),
                color: Default,
                bold: false,
                blink: false,
                text: " ",
                dim: false,
                italic: false,
                underline: false,
                hide: false,
                strike: false,
                bg_color_r: (
                    0,
                    0,
                ),
                color_r: (
                    0,
                    0,
                ),
                bold_r: (
                    16,
                    20,
                ),
                blink_r: (
                    16,
                    20,
                ),
                text_r: (
                    28,
                    29,
                ),
                dim_r: (
                    16,
                    20,
                ),
                italic_r: (
                    16,
                    20,
                ),
                underline_r: (
                    16,
                    20,
                ),
                hide_r: (
                    16,
                    20,
                ),
                strike_r: (
                    16,
                    20,
                ),
            },
            Node {
                bg_color: Color8(
                    Red,
                ),
                color: Default,
                bold: false,
                blink: false,
                text: "3",
                dim: false,
                italic: false,
                underline: false,
                hide: false,
                strike: false,
                bg_color_r: (
                    0,
                    0,
                ),
                color_r: (
                    0,
                    0,
                ),
                bold_r: (
                    16,
                    20,
                ),
                blink_r: (
                    16,
                    20,
                ),
                text_r: (
                    29,
                    30,
                ),
                dim_r: (
                    16,
                    20,
                ),
                italic_r: (
                    16,
                    20,
                ),
                underline_r: (
                    16,
                    20,
                ),
                hide_r: (
                    16,
                    20,
                ),
                strike_r: (
                    16,
                    20,
                ),
            },
            Node {
                bg_color: Color8(
                    Red,
                ),
                color: Default,
                bold: false,
                blink: false,
                text: "9",
                dim: false,
                italic: false,
                underline: false,
                hide: false,
                strike: false,
                bg_color_r: (
                    0,
                    0,
                ),
                color_r: (
                    0,
                    0,
                ),
                bold_r: (
                    16,
                    20,
                ),
                blink_r: (
                    16,
                    20,
                ),
                text_r: (
                    30,
                    31,
                ),
                dim_r: (
                    16,
                    20,
                ),
                italic_r: (
                    16,
                    20,
                ),
                underline_r: (
                    16,
                    20,
                ),
                hide_r: (
                    16,
                    20,
                ),
                strike_r: (
                    16,
                    20,
                ),
            },
            Node {
                bg_color: Color8(
                    Red,
                ),
                color: Default,
                bold: false,
                blink: false,
                text: ";",
                dim: false,
                italic: false,
                underline: false,
                hide: false,
                strike: false,
                bg_color_r: (
                    0,
                    0,
                ),
                color_r: (
                    0,
                    0,
                ),
                bold_r: (
                    16,
                    20,
                ),
                blink_r: (
                    16,
                    20,
                ),
                text_r: (
                    31,
                    32,
                ),
                dim_r: (
                    16,
                    20,
                ),
                italic_r: (
                    16,
                    20,
                ),
                underline_r: (
                    16,
                    20,
                ),
                hide_r: (
                    16,
                    20,
                ),
                strike_r: (
                    16,
                    20,
                ),
            },
            Node {
                bg_color: Color8(
                    Red,
                ),
                color: Default,
                bold: false,
                blink: false,
                text: "4",
                dim: false,
                italic: false,
                underline: false,
                hide: false,
                strike: false,
                bg_color_r: (
                    0,
                    0,
                ),
                color_r: (
                    0,
                    0,
                ),
                bold_r: (
                    16,
                    20,
                ),
                blink_r: (
                    16,
                    20,
                ),
                text_r: (
                    32,
                    33,
                ),
                dim_r: (
                    16,
                    20,
                ),
                italic_r: (
                    16,
                    20,
                ),
                underline_r: (
                    16,
                    20,
                ),
                hide_r: (
                    16,
                    20,
                ),
                strike_r: (
                    16,
                    20,
                ),
            },
            Node {
                bg_color: Color8(
                    Red,
                ),
                color: Default,
                bold: false,
                blink: false,
                text: "1",
                dim: false,
                italic: false,
                underline: false,
                hide: false,
                strike: false,
                bg_color_r: (
                    0,
                    0,
                ),
                color_r: (
                    0,
                    0,
                ),
                bold_r: (
                    16,
                    20,
                ),
                blink_r: (
                    16,
                    20,
                ),
                text_r: (
                    33,
                    34,
                ),
                dim_r: (
                    16,
                    20,
                ),
                italic_r: (
                    16,
                    20,
                ),
                underline_r: (
                    16,
                    20,
                ),
                hide_r: (
                    16,
                    20,
                ),
                strike_r: (
                    16,
                    20,
                ),
            },
            Node {
                bg_color: Color8(
                    Red,
                ),
                color: Default,
                bold: false,
                blink: false,
                text: "m",
                dim: false,
                italic: false,
                underline: false,
                hide: false,
                strike: false,
                bg_color_r: (
                    0,
                    0,
                ),
                color_r: (
                    0,
                    0,
                ),
                bold_r: (
                    16,
                    20,
                ),
                blink_r: (
                    16,
                    20,
                ),
                text_r: (
                    34,
                    35,
                ),
                dim_r: (
                    16,
                    20,
                ),
                italic_r: (
                    16,
                    20,
                ),
                underline_r: (
                    16,
                    20,
                ),
                hide_r: (
                    16,
                    20,
                ),
                strike_r: (
                    16,
                    20,
                ),
            },
        ],
    ],
    w: 16,
    h: 1,
}
