---
source: ansi2/src/lib.rs
expression: canvas.minify()
---
[
    [
        Node {
            bg_color: Default,
            color: Default,
            bold: false,
            blink: false,
            text: "ansi",
            dim: false,
            italic: false,
            underline: false,
            hide: false,
        },
    ],
]
