---
source: ansi2/src/lib.rs
expression: canvas.minify()
---
[
    [
        Node {
            bg_color: Default,
            color: Default,
            bold: false,
            blink: false,
            text: "]8;;file:///Users/xxx/src/new-nu-parser/Cargo.toml\\Cargo.toml]8;;",
            dim: false,
            italic: false,
            underline: false,
            hide: false,
            strike: false,
            bg_color_r: (
                0,
                0,
            ),
            color_r: (
                0,
                0,
            ),
            bold_r: (
                0,
                0,
            ),
            blink_r: (
                0,
                0,
            ),
            text_r: (
                1,
                68,
            ),
            dim_r: (
                0,
                0,
            ),
            italic_r: (
                0,
                0,
            ),
            underline_r: (
                0,
                0,
            ),
            hide_r: (
                0,
                0,
            ),
            strike_r: (
                0,
                0,
            ),
        },
    ],
]
