---
source: ansi2/src/lib.rs
expression: canvas.minify()
---
[]
