---
source: ansi2/src/lib.rs
expression: canvas.minify()
---
[
    [
        Node {
            bg_color: Color256(
                45,
            ),
            color: Default,
            bold: false,
            blink: false,
            text: "aaa",
            dim: false,
            italic: false,
            underline: false,
            hide: false,
            strike: false,
        },
    ],
]
