---
source: ansi2/src/lib.rs
expression: r
---
(
    "",
    [
        Token {
            sgr: Link(
                "file://win/c/code/ansi2/target",
                "target",
            ),
            range: (
                0,
                48,
            ),
        },
    ],
)
